TAP version 13
# adapter-notifications.test.mjs:11
# import { findSpec, loadProjectProfile } from "./core.mjs";
#                    ^^^^^^^^^^^^^^^^^^
# SyntaxError: The requested module './core.mjs' does not provide an export named 'loadProjectProfile'
#     at ModuleJob._instantiate (node:internal/modules/esm/module_job:228:21)
#     at async ModuleJob.run (node:internal/modules/esm/module_job:337:5)
#     at async onImport.tracePromise.__proto__ (node:internal/modules/esm/loader:651:26)
#     at async asyncRunEntryPointWithESMLoader (node:internal/modules/run_main:117:5)
# Node.js v22.19.0
# Subtest: adapter-notifications.test.mjs
not ok 1 - adapter-notifications.test.mjs
  ---
  duration_ms: 40.635333
  type: 'test'
  location: 'adapter-notifications.test.mjs:1:1'
  failureType: 'testCodeFailure'
  exitCode: 1
  signal: ~
  error: 'test failed'
  code: 'ERR_TEST_FAILURE'
  ...
1..1
# tests 1
# suites 0
# pass 0
# fail 1
# cancelled 0
# skipped 0
# todo 0
# duration_ms 45.365167
