TAP version 13
# Subtest: gate: allow — 用户确认后放行，透传 signal 且展示 item+note
ok 1 - gate: allow — 用户确认后放行，透传 signal 且展示 item+note
  ---
  duration_ms: 0.845166
  type: 'test'
  ...
# Subtest: gate: allow — 无可用 signal 时不传 opts
ok 2 - gate: allow — 无可用 signal 时不传 opts
  ---
  duration_ms: 0.132292
  type: 'test'
  ...
# Subtest: gate: deny — confirm 返回 false 时不放行
ok 3 - gate: deny — confirm 返回 false 时不放行
  ---
  duration_ms: 0.067625
  type: 'test'
  ...
# Subtest: gate: deny — confirm 返回 undefined（取消）时不放行
ok 4 - gate: deny — confirm 返回 undefined（取消）时不放行
  ---
  duration_ms: 0.058667
  type: 'test'
  ...
# Subtest: gate: no-ui — hasUI=false 拒绝且不调用 confirm
ok 5 - gate: no-ui — hasUI=false 拒绝且不调用 confirm
  ---
  duration_ms: 0.055875
  type: 'test'
  ...
# Subtest: gate: no-ui — hasUI=true 但没有 confirm 实现时同样拒绝
ok 6 - gate: no-ui — hasUI=true 但没有 confirm 实现时同样拒绝
  ---
  duration_ms: 0.0495
  type: 'test'
  ...
# Subtest: gate: confirm 抛错时向上抛出（不伪造放行/拒绝）
ok 7 - gate: confirm 抛错时向上抛出（不伪造放行/拒绝）
  ---
  duration_ms: 0.20025
  type: 'test'
  ...
# Subtest: formatAttestationPrompt 同时包含 item 与 note，超长 note 有明确上限
ok 8 - formatAttestationPrompt 同时包含 item 与 note，超长 note 有明确上限
  ---
  duration_ms: 0.100084
  type: 'test'
  ...
# Subtest: truncateToolText 短文本原样返回、长文本截断并标记
ok 9 - truncateToolText 短文本原样返回、长文本截断并标记
  ---
  duration_ms: 0.257875
  type: 'test'
  ...
# Subtest: index.ts: begin/impl/audit/attest/done 都在 mutation queue 包裹内
ok 10 - index.ts: begin/impl/audit/attest/done 都在 mutation queue 包裹内
  ---
  duration_ms: 0.453042
  type: 'test'
  ...
# Subtest: index.ts: 工具错误直接 throw，不返回伪造的 isError 字段
ok 11 - index.ts: 工具错误直接 throw，不返回伪造的 isError 字段
  ---
  duration_ms: 0.115417
  type: 'test'
  ...
# Subtest: index.ts: 已移除无用 imports（migrateAlloc/checkCI/parseFrontmatter）
ok 12 - index.ts: 已移除无用 imports（migrateAlloc/checkCI/parseFrontmatter）
  ---
  duration_ms: 0.42
  type: 'test'
  ...
# Subtest: index.ts: fake Pi 可加载注册，且并发 begin 由真实 spec path 串行化
ok 13 - index.ts: fake Pi 可加载注册，且并发 begin 由真实 spec path 串行化
  ---
  duration_ms: 597.434542
  type: 'test'
  ...
# Subtest: native impl: missing notify does not interrupt real gates or tool progress
ok 14 - native impl: missing notify does not interrupt real gates or tool progress
  ---
  duration_ms: 543.275666
  type: 'test'
  ...
# Subtest: native impl: non-callable notify does not interrupt real gates or tool progress
ok 15 - native impl: non-callable notify does not interrupt real gates or tool progress
  ---
  duration_ms: 457.899583
  type: 'test'
  ...
# Subtest: native impl: absent ui does not interrupt real gates or tool progress
ok 16 - native impl: absent ui does not interrupt real gates or tool progress
  ---
  duration_ms: 462.208833
  type: 'test'
  ...
# Subtest: native impl: throwing notify does not interrupt real gates or tool progress
ok 17 - native impl: throwing notify does not interrupt real gates or tool progress
  ---
  duration_ms: 457.619375
  type: 'test'
  ...
# Subtest: native impl: headless does not interrupt real gates or tool progress
ok 18 - native impl: headless does not interrupt real gates or tool progress
  ---
  duration_ms: 455.494542
  type: 'test'
  ...
# Subtest: native impl: missing notify cannot hide a real failed gate
ok 19 - native impl: missing notify cannot hide a real failed gate
  ---
  duration_ms: 448.152125
  type: 'test'
  ...
# Subtest: native impl: cache diagnostics reach tool progress when notify is unavailable
ok 20 - native impl: cache diagnostics reach tool progress when notify is unavailable
  ---
  duration_ms: 507.04325
  type: 'test'
  ...
# Subtest: native impl: throwing tool update transports cannot replace gate evidence
ok 21 - native impl: throwing tool update transports cannot replace gate evidence
  ---
  duration_ms: 720.770458
  type: 'test'
  ...
# Subtest: commit interception: unavailable/throwing notify still executes gates and blocks a failure
ok 22 - commit interception: unavailable/throwing notify still executes gates and blocks a failure
  ---
  duration_ms: 302.45325
  type: 'test'
  ...
# Subtest: native audit: missing notify reaches core validation, not a UI TypeError or paid spawn
ok 23 - native audit: missing notify reaches core validation, not a UI TypeError or paid spawn
  ---
  duration_ms: 303.951542
  type: 'test'
  ...
# Subtest: native commands/startup: all notifications tolerate partial and throwing UI
ok 24 - native commands/startup: all notifications tolerate partial and throwing UI
  ---
  duration_ms: 535.540333
  type: 'test'
  ...
# Subtest: native attestation: no callable confirmation stays fail-closed; missing notify alone does not deny a human
ok 25 - native attestation: no callable confirmation stays fail-closed; missing notify alone does not deny a human
  ---
  duration_ms: 565.271959
  type: 'test'
  ...
# Subtest: safe feedback helpers: capability/receiver/caps and sync/async transport failures
ok 26 - safe feedback helpers: capability/receiver/caps and sync/async transport failures
  ---
  duration_ms: 0.415583
  type: 'test'
  ...
# Subtest: adapter source: no direct notify invocation bypasses the capability guard
ok 27 - adapter source: no direct notify invocation bypasses the capability guard
  ---
  duration_ms: 0.329166
  type: 'test'
  ...
1..27
# tests 27
# suites 0
# pass 27
# fail 0
# cancelled 0
# skipped 0
# todo 0
# duration_ms 5811.681084
