
> pi-spec-flow@0.2.0 check
> npm run typecheck && npm test && node tests/e2e/e2e-commit-gate.mjs && node tests/e2e/e2e-trustworthy-closure.mjs && node tests/e2e/e2e-spec-discovery.mjs && node tests/e2e/e2e-project-governance-profile.mjs && node tests/e2e/e2e-private-action.mjs && node tests/e2e/e2e-worktrees-python.mjs && node core.mjs check --ci


> pi-spec-flow@0.2.0 typecheck
> node --check core.mjs && node --check index.ts && node --check adapter-core.mjs && node --check project-profile.mjs && node --check workspace.mjs


> pi-spec-flow@0.2.0 test
> node --test core.test.mjs trustworthy.test.mjs adapter-core.test.mjs project-profile.test.mjs project-contracts.test.mjs action.test.mjs workspace-project.test.mjs

TAP version 13
# Subtest: private cross-repository Action is composite, installs pinned deps, and runs caller verify
ok 1 - private cross-repository Action is composite, installs pinned deps, and runs caller verify
  ---
  duration_ms: 2.463792
  type: 'test'
  ...
# Subtest: gate: allow — 用户确认后放行，透传 signal 且展示 item+note
ok 2 - gate: allow — 用户确认后放行，透传 signal 且展示 item+note
  ---
  duration_ms: 1.823625
  type: 'test'
  ...
# Subtest: gate: allow — 无可用 signal 时不传 opts
ok 3 - gate: allow — 无可用 signal 时不传 opts
  ---
  duration_ms: 0.166625
  type: 'test'
  ...
# Subtest: gate: deny — confirm 返回 false 时不放行
ok 4 - gate: deny — confirm 返回 false 时不放行
  ---
  duration_ms: 0.080209
  type: 'test'
  ...
# Subtest: gate: deny — confirm 返回 undefined（取消）时不放行
ok 5 - gate: deny — confirm 返回 undefined（取消）时不放行
  ---
  duration_ms: 0.0665
  type: 'test'
  ...
# Subtest: gate: no-ui — hasUI=false 拒绝且不调用 confirm
ok 6 - gate: no-ui — hasUI=false 拒绝且不调用 confirm
  ---
  duration_ms: 0.063916
  type: 'test'
  ...
# Subtest: gate: no-ui — hasUI=true 但没有 confirm 实现时同样拒绝
ok 7 - gate: no-ui — hasUI=true 但没有 confirm 实现时同样拒绝
  ---
  duration_ms: 0.054542
  type: 'test'
  ...
# Subtest: gate: confirm 抛错时向上抛出（不伪造放行/拒绝）
ok 8 - gate: confirm 抛错时向上抛出（不伪造放行/拒绝）
  ---
  duration_ms: 0.232917
  type: 'test'
  ...
# Subtest: formatAttestationPrompt 同时包含 item 与 note，超长 note 有明确上限
ok 9 - formatAttestationPrompt 同时包含 item 与 note，超长 note 有明确上限
  ---
  duration_ms: 0.109417
  type: 'test'
  ...
# Subtest: truncateToolText 短文本原样返回、长文本截断并标记
ok 10 - truncateToolText 短文本原样返回、长文本截断并标记
  ---
  duration_ms: 0.274
  type: 'test'
  ...
# Subtest: index.ts: begin/impl/audit/attest/done 都在 mutation queue 包裹内
ok 11 - index.ts: begin/impl/audit/attest/done 都在 mutation queue 包裹内
  ---
  duration_ms: 0.467958
  type: 'test'
  ...
# Subtest: index.ts: 工具错误直接 throw，不返回伪造的 isError 字段
ok 12 - index.ts: 工具错误直接 throw，不返回伪造的 isError 字段
  ---
  duration_ms: 0.12375
  type: 'test'
  ...
# Subtest: index.ts: 已移除无用 imports（migrateAlloc/checkCI/parseFrontmatter）
ok 13 - index.ts: 已移除无用 imports（migrateAlloc/checkCI/parseFrontmatter）
  ---
  duration_ms: 0.066041
  type: 'test'
  ...
# Subtest: index.ts: fake Pi 可加载注册，且并发 begin 由真实 spec path 串行化
ok 14 - index.ts: fake Pi 可加载注册，且并发 begin 由真实 spec path 串行化
  ---
  duration_ms: 956.412541
  type: 'test'
  ...
# ✅ All tests defined
# Subtest: frontmatter: parse and write roundtrip
ok 15 - frontmatter: parse and write roundtrip
  ---
  duration_ms: 3.307
  type: 'test'
  ...
# Subtest: frontmatter: missing returns null
ok 16 - frontmatter: missing returns null
  ---
  duration_ms: 0.089583
  type: 'test'
  ...
# Subtest: status line: extract and update
ok 17 - status line: extract and update
  ---
  duration_ms: 0.265875
  type: 'test'
  ...
# Subtest: status line: update preserves note
ok 18 - status line: update preserves note
  ---
  duration_ms: 0.075708
  type: 'test'
  ...
# Subtest: status line: update replaces note when new note provided
ok 19 - status line: update replaces note when new note provided
  ---
  duration_ms: 0.057625
  type: 'test'
  ...
# Subtest: status line: update without note on line without note
ok 20 - status line: update without note on line without note
  ---
  duration_ms: 0.047792
  type: 'test'
  ...
# Subtest: drift: no drift when body matches frontmatter
ok 21 - drift: no drift when body matches frontmatter
  ---
  duration_ms: 0.217833
  type: 'test'
  ...
# Subtest: drift: detect mismatch
ok 22 - drift: detect mismatch
  ---
  duration_ms: 0.237709
  type: 'test'
  ...
# Subtest: drift: ignore parenthetical notes
ok 23 - drift: ignore parenthetical notes
  ---
  duration_ms: 0.274625
  type: 'test'
  ...
# Subtest: drift: ignore emoji prefix
ok 24 - drift: ignore emoji prefix
  ---
  duration_ms: 0.298334
  type: 'test'
  ...
# Subtest: config: detect gates
ok 25 - config: detect gates
  ---
  duration_ms: 1.028542
  type: 'test'
  ...
# Subtest: config: degrade gracefully when no config
ok 26 - config: degrade gracefully when no config
  ---
  duration_ms: 0.358417
  type: 'test'
  ...
# Subtest: migrate-alloc: increment from last
ok 27 - migrate-alloc: increment from last
  ---
  duration_ms: 1.264416
  type: 'test'
  ...
# Subtest: migrate-alloc: reject when no directory
ok 28 - migrate-alloc: reject when no directory
  ---
  duration_ms: 1.148958
  type: 'test'
  ...
# Subtest: attest: reject short note
ok 29 - attest: reject short note
  ---
  duration_ms: 24.389708
  type: 'test'
  ...
# Subtest: attest: accept valid note and bind both hashes
ok 30 - attest: accept valid note and bind both hashes
  ---
  duration_ms: 1948.59225
  type: 'test'
  ...
# Subtest: done: list gaps when incomplete
ok 31 - done: list gaps when incomplete
  ---
  duration_ms: 15.56025
  type: 'test'
  ...
# Subtest: done: accepts hash-bound evidence from impl.repo (external repo)
ok 32 - done: accepts hash-bound evidence from impl.repo (external repo)
  ---
  duration_ms: 1754.97775
  type: 'test'
  ...
# Subtest: done: reject when tracked or untracked implementation changes after audit
ok 33 - done: reject when tracked or untracked implementation changes after audit
  ---
  duration_ms: 3624.955208
  type: 'test'
  ...
# Subtest: check --ci keeps v2 done historical: no live snapshot or current evidence-file recheck
ok 34 - check --ci keeps v2 done historical: no live snapshot or current evidence-file recheck
  ---
  duration_ms: 1762.55925
  type: 'test'
  ...
# Subtest: done: ledger includes bound impl and audit summary
ok 35 - done: ledger includes bound impl and audit summary
  ---
  duration_ms: 1507.536792
  type: 'test'
  ...
# Subtest: done: verdict=pass with a failing criterion is rejected
ok 36 - done: verdict=pass with a failing criterion is rejected
  ---
  duration_ms: 1356.51875
  type: 'test'
  ...
# Subtest: spec discovery: scans docs/project singular and plural directories without recursion
ok 37 - spec discovery: scans docs/project singular and plural directories without recursion
  ---
  duration_ms: 2.972083
  type: 'test'
  ...
# Subtest: spec discovery: ignores a candidate symlink that escapes the project
ok 38 - spec discovery: ignores a candidate symlink that escapes the project
  ---
  duration_ms: 0.614
  type: 'test'
  ...
# Subtest: spec discovery: duplicate IDs fail closed instead of selecting one directory
ok 39 - spec discovery: duplicate IDs fail closed instead of selecting one directory
  ---
  duration_ms: 1.203125
  type: 'test'
  ...
# Subtest: board: show managed and unmanaged specs
ok 40 - board: show managed and unmanaged specs
  ---
  duration_ms: 0.660833
  type: 'test'
  ...
# Subtest: evidence: check --ci detects missing e2e file
ok 41 - evidence: check --ci detects missing e2e file
  ---
  duration_ms: 0.694875
  type: 'test'
  ...
# Subtest: isCommitCommand: git -C and subshell forms match (S1.1)
ok 42 - isCommitCommand: git -C and subshell forms match (S1.1)
  ---
  duration_ms: 0.260291
  type: 'test'
  ...
# Subtest: parseCommitTargetRepo: cd / -C chains resolve to target dir (S1.1)
ok 43 - parseCommitTargetRepo: cd / -C chains resolve to target dir (S1.1)
  ---
  duration_ms: 0.584417
  type: 'test'
  ...
# Subtest: resolveCommitRepo: confirms via git rev-parse --show-toplevel (S1.1)
ok 44 - resolveCommitRepo: confirms via git rev-parse --show-toplevel (S1.1)
  ---
  duration_ms: 74.455125
  type: 'test'
  ...
# Subtest: commitGateDecision: external repo without gates → allow (S1.1)
ok 45 - commitGateDecision: external repo without gates → allow (S1.1)
  ---
  duration_ms: 74.752166
  type: 'test'
  ...
# Subtest: commitGateDecision: block reason includes the repo path (S1.1 audit)
ok 46 - commitGateDecision: block reason includes the repo path (S1.1 audit)
  ---
  duration_ms: 196.332459
  type: 'test'
  ...
# Subtest: commitGateDecision: unresolved target falls back to session gating (S1.1 audit)
ok 47 - commitGateDecision: unresolved target falls back to session gating (S1.1 audit)
  ---
  duration_ms: 134.155125
  type: 'test'
  ...
# Subtest: appendCommitLedger: writes to target repo with targetRepo field (S1.1 audit)
ok 48 - appendCommitLedger: writes to target repo with targetRepo field (S1.1 audit)
  ---
  duration_ms: 57.743916
  type: 'test'
  ...
# Subtest: appendCommitLedger: unresolved target → session fallback with ledgerFallback (S1.1 audit)
ok 49 - appendCommitLedger: unresolved target → session fallback with ledgerFallback (S1.1 audit)
  ---
  duration_ms: 0.296833
  type: 'test'
  ...
# Subtest: commitGateDecision: external repo WITH gates runs ITS gates (S1.1)
ok 50 - commitGateDecision: external repo WITH gates runs ITS gates (S1.1)
  ---
  duration_ms: 171.051916
  type: 'test'
  ...
# Subtest: commitGateDecision: external repo gates red → block with repo context (S1.1)
ok 51 - commitGateDecision: external repo gates red → block with repo context (S1.1)
  ---
  duration_ms: 192.408417
  type: 'test'
  ...
# Subtest: bypass: -C form recognized (S1.1)
ok 52 - bypass: -C form recognized (S1.1)
  ---
  duration_ms: 0.097125
  type: 'test'
  ...
# Subtest: bypass: env prefix to git commit is recognized
ok 53 - bypass: env prefix to git commit is recognized
  ---
  duration_ms: 0.031209
  type: 'test'
  ...
# Subtest: bypass: after separator is recognized
ok 54 - bypass: after separator is recognized
  ---
  duration_ms: 0.042417
  type: 'test'
  ...
# Subtest: bypass: substring in commit message is NOT recognized
ok 55 - bypass: substring in commit message is NOT recognized
  ---
  duration_ms: 0.023667
  type: 'test'
  ...
# Subtest: bypass: no bypass var is not recognized
ok 56 - bypass: no bypass var is not recognized
  ---
  duration_ms: 0.020958
  type: 'test'
  ...
# Subtest: e2e parse: all PASS exit0 → pass
ok 57 - e2e parse: all PASS exit0 → pass
  ---
  duration_ms: 0.092708
  type: 'test'
  ...
# Subtest: e2e parse: PASS + FAIL lines → fail
ok 58 - e2e parse: PASS + FAIL lines → fail
  ---
  duration_ms: 0.045125
  type: 'test'
  ...
# Subtest: e2e parse: only FAIL → fail
ok 59 - e2e parse: only FAIL → fail
  ---
  duration_ms: 0.026208
  type: 'test'
  ...
# Subtest: e2e parse: no PASS no FAIL → fail
ok 60 - e2e parse: no PASS no FAIL → fail
  ---
  duration_ms: 0.025583
  type: 'test'
  ...
# Subtest: e2e parse: PASS must be at line start
ok 61 - e2e parse: PASS must be at line start
  ---
  duration_ms: 0.023458
  type: 'test'
  ...
# Subtest: impl: e2e with FAIL lines in output is detected as failure
ok 62 - impl: e2e with FAIL lines in output is detected as failure
  ---
  duration_ms: 647.605875
  type: 'test'
  ...
# Subtest: impl: e2e with all PASS lines passes
ok 63 - impl: e2e with all PASS lines passes
  ---
  duration_ms: 649.080417
  type: 'test'
  ...
# Subtest: impl: e2e with non-zero exit is failure
ok 64 - impl: e2e with non-zero exit is failure
  ---
  duration_ms: 672.433583
  type: 'test'
  ...
# Subtest: impl: missing and path-traversal e2e evidence fail closed
ok 65 - impl: missing and path-traversal e2e evidence fail closed
  ---
  duration_ms: 1314.580834
  type: 'test'
  ...
# Subtest: audit: pass result caches only on unchanged implementation and contract hashes
ok 66 - audit: pass result caches only on unchanged implementation and contract hashes
  ---
  duration_ms: 1681.494125
  type: 'test'
  ...
# Subtest: audit: fail verdict is not cached and re-runs auditor
ok 67 - audit: fail verdict is not cached and re-runs auditor
  ---
  duration_ms: 1799.319625
  type: 'test'
  ...
# Subtest: audit: subprocess failure persists fail/unverifiable criteria
ok 68 - audit: subprocess failure persists fail/unverifiable criteria
  ---
  duration_ms: 1448.578708
  type: 'test'
  ...
# Subtest: buildAuditorArgs: returns @file arg, file contains prompt, cleanup works
ok 69 - buildAuditorArgs: returns @file arg, file contains prompt, cleanup works
  ---
  duration_ms: 0.493666
  type: 'test'
  ...
# Subtest: buildAuditorArgs: includes --model when model is provided
ok 70 - buildAuditorArgs: includes --model when model is provided
  ---
  duration_ms: 0.379458
  type: 'test'
  ...
# Subtest: buildAuditorArgs: preserves backticks, ${}, $(), double quotes in prompt file
ok 71 - buildAuditorArgs: preserves backticks, ${}, $(), double quotes in prompt file
  ---
  duration_ms: 0.330667
  type: 'test'
  ...
# Subtest: buildAuditorArgs: returns a new array each call (no shared mutation)
ok 72 - buildAuditorArgs: returns a new array each call (no shared mutation)
  ---
  duration_ms: 0.582041
  type: 'test'
  ...
# Subtest: buildAuditorArgs: long prompt over argv limit goes to file
ok 73 - buildAuditorArgs: long prompt over argv limit goes to file
  ---
  duration_ms: 0.685042
  type: 'test'
  ...
# Subtest: nextStep: impl.at empty → spec_impl
ok 74 - nextStep: impl.at empty → spec_impl
  ---
  duration_ms: 0.639333
  type: 'test'
  ...
# Subtest: nextStep: missing proposal approval is surfaced before implementation
ok 75 - nextStep: missing proposal approval is surfaced before implementation
  ---
  duration_ms: 0.532959
  type: 'test'
  ...
# Subtest: nextStep: impl pass, no audit → spec_audit
ok 76 - nextStep: impl pass, no audit → spec_audit
  ---
  duration_ms: 0.493916
  type: 'test'
  ...
# Subtest: nextStep: impl has gate failure → fix impl
ok 77 - nextStep: impl has gate failure → fix impl
  ---
  duration_ms: 0.479125
  type: 'test'
  ...
# Subtest: nextStep: audit verdict fail → fix findings
ok 78 - nextStep: audit verdict fail → fix findings
  ---
  duration_ms: 0.4755
  type: 'test'
  ...
# Subtest: nextStep: stale audit binding → rerun audit
ok 79 - nextStep: stale audit binding → rerun audit
  ---
  duration_ms: 1228.738584
  type: 'test'
  ...
# Subtest: nextStep: all bound evidence green → spec_done
ok 80 - nextStep: all bound evidence green → spec_done
  ---
  duration_ms: 1223.040959
  type: 'test'
  ...
# Subtest: nextStep: board stays record-only; done owns live snapshot validation
ok 81 - nextStep: board stays record-only; done owns live snapshot validation
  ---
  duration_ms: 1470.771459
  type: 'test'
  ...
# Subtest: renderBoard: empty project → empty string
ok 82 - renderBoard: empty project → empty string
  ---
  duration_ms: 0.406125
  type: 'test'
  ...
# Subtest: renderBoard: shows status, impl/audit/attest, and accurate next step
ok 83 - renderBoard: shows status, impl/audit/attest, and accurate next step
  ---
  duration_ms: 1397.973584
  type: 'test'
  ...
# Subtest: renderBoard: drift detected on mismatched status line
ok 84 - renderBoard: drift detected on mismatched status line
  ---
  duration_ms: 0.660209
  type: 'test'
  ...
# Subtest: renderSpecDetail: not found → null
ok 85 - renderSpecDetail: not found → null
  ---
  duration_ms: 0.60075
  type: 'test'
  ...
# Subtest: renderSpecDetail: unmanaged → warning line
ok 86 - renderSpecDetail: unmanaged → warning line
  ---
  duration_ms: 0.480625
  type: 'test'
  ...
# Subtest: renderSpecDetail: shows review/deps/impl/audit/attest lines
ok 87 - renderSpecDetail: shows review/deps/impl/audit/attest lines
  ---
  duration_ms: 70.942166
  type: 'test'
  ...
# Subtest: parseVerdictJson: handles \\s in evidence string
ok 88 - parseVerdictJson: handles \\s in evidence string
  ---
  duration_ms: 0.21075
  type: 'test'
  ...
# Subtest: parseVerdictJson: valid JSON passes through unchanged
ok 89 - parseVerdictJson: valid JSON passes through unchanged
  ---
  duration_ms: 0.037125
  type: 'test'
  ...
# Subtest: parseVerdictJson: totally broken JSON falls back to verdict=fail
ok 90 - parseVerdictJson: totally broken JSON falls back to verdict=fail
  ---
  duration_ms: 0.029166
  type: 'test'
  ...
# Subtest: commitGateAction: non-commit command → allow
ok 91 - commitGateAction: non-commit command → allow
  ---
  duration_ms: 0.027708
  type: 'test'
  ...
# Subtest: commitGateAction: all gates green → allow
ok 92 - commitGateAction: all gates green → allow
  ---
  duration_ms: 0.025167
  type: 'test'
  ...
# Subtest: commitGateAction: red gate → block with gate name in reason
ok 93 - commitGateAction: red gate → block with gate name in reason
  ---
  duration_ms: 0.027541
  type: 'test'
  ...
# Subtest: commitGateAction: SPECFLOW_BYPASS prefix → bypass
ok 94 - commitGateAction: SPECFLOW_BYPASS prefix → bypass
  ---
  duration_ms: 0.019875
  type: 'test'
  ...
# Subtest: commitGateAction: SPECFLOW_BYPASS in message → NOT bypass, still block
ok 95 - commitGateAction: SPECFLOW_BYPASS in message → NOT bypass, still block
  ---
  duration_ms: 0.023459
  type: 'test'
  ...
# Subtest: runGates: success captures stdout tail for evidence
ok 96 - runGates: success captures stdout tail for evidence
  ---
  duration_ms: 25.26575
  type: 'test'
  ...
# Error: check accepts only --ci and optional --contracts-only / --live
# Subtest: without validation profile, project contract rules remain disabled
ok 97 - without validation profile, project contract rules remain disabled
  ---
  duration_ms: 9.528167
  type: 'test'
  ...
# Subtest: configured contract checker enforces parity across done/legacy/archived
ok 98 - configured contract checker enforces parity across done/legacy/archived
  ---
  duration_ms: 5.111667
  type: 'test'
  ...
# Subtest: numeric ID, filename, missing dependency, arbitrary cycle and addendum fail closed
ok 99 - numeric ID, filename, missing dependency, arbitrary cycle and addendum fail closed
  ---
  duration_ms: 7.067583
  type: 'test'
  ...
# Subtest: strict validation schema rejects unknown keys and unsafe required fields
ok 100 - strict validation schema rejects unknown keys and unsafe required fields
  ---
  duration_ms: 2.43
  type: 'test'
  ...
# Subtest: CLI contracts-only does not execute gates; full CI does; unknown flags fail
ok 101 - CLI contracts-only does not execute gates; full CI does; unknown flags fail
  ---
  duration_ms: 378.704334
  type: 'test'
  ...
# Subtest: project profile: strict config loads status, approval, dependencies, and replace gates
ok 102 - project profile: strict config loads status, approval, dependencies, and replace gates
  ---
  duration_ms: 3.764458
  type: 'test'
  ...
# Subtest: project profile: unknown keys, missing scripts, overlapping status, and symlinks fail closed
ok 103 - project profile: unknown keys, missing scripts, overlapping status, and symlinks fail closed
  ---
  duration_ms: 4.958125
  type: 'test'
  ...
# Subtest: project profile: invalid config blocks commit while explicit bypass remains available
ok 104 - project profile: invalid config blocks commit while explicit bypass remains available
  ---
  duration_ms: 2.015375
  type: 'test'
  ...
# Subtest: project profile: configured lifecycle rejects an external implementation repo
ok 105 - project profile: configured lifecycle rejects an external implementation repo
  ---
  duration_ms: 28.116833
  type: 'test'
  ...
# Subtest: project profile: external legacy warning is limited to explicit IDs
ok 106 - project profile: external legacy warning is limited to explicit IDs
  ---
  duration_ms: 220.781042
  type: 'test'
  ...
# Subtest: project profile: example-app-shaped numeric lifecycle preserves local metadata and uses verify only
ok 107 - project profile: example-app-shaped numeric lifecycle preserves local metadata and uses verify only
  ---
  duration_ms: 2298.11075
  type: 'test'
  ...
# Subtest: project profile: config content is snapshot-bound after impl
ok 108 - project profile: config content is snapshot-bound after impl
  ---
  duration_ms: 1044.980166
  type: 'test'
  ...
# Subtest: project profile: changed contract can re-impl when verify runs contracts-only
ok 109 - project profile: changed contract can re-impl when verify runs contracts-only
  ---
  duration_ms: 1900.602042
  type: 'test'
  ...
# Subtest: gate cache: default off executes every time; opt-in binds content
ok 110 - gate cache: default off executes every time; opt-in binds content
  ---
  duration_ms: 515.573125
  type: 'test'
  ...
# Subtest: gate cache: unavailable/null fingerprint is always a miss with diagnostics
ok 111 - gate cache: unavailable/null fingerprint is always a miss with diagnostics
  ---
  duration_ms: 198.703417
  type: 'test'
  ...
# Subtest: repository snapshot covers working content but excludes spec lifecycle and ledger
ok 112 - repository snapshot covers working content but excludes spec lifecycle and ledger
  ---
  duration_ms: 851.329791
  type: 'test'
  ...
# Subtest: snapshot keeps a staged deletion bound after committing identical content
ok 113 - snapshot keeps a staged deletion bound after committing identical content
  ---
  duration_ms: 369.629042
  type: 'test'
  ...
# Subtest: snapshot hashes verified gitlink HEAD and fails closed on an untracked nested repository
ok 114 - snapshot hashes verified gitlink HEAD and fails closed on an untracked nested repository
  ---
  duration_ms: 1221.956083
  type: 'test'
  ...
# Subtest: contract hash ignores lifecycle/review evidence/checkmarks but detects contract edits
ok 115 - contract hash ignores lifecycle/review evidence/checkmarks but detects contract edits
  ---
  duration_ms: 2.810959
  type: 'test'
  ...
# Subtest: audit diff includes tracked and untracked changes and rejects injection/oversize
ok 116 - audit diff includes tracked and untracked changes and rejects injection/oversize
  ---
  duration_ms: 250.791875
  type: 'test'
  ...
# Subtest: audit normalization makes empty, malformed, or contradictory pass results fail closed
ok 117 - audit normalization makes empty, malformed, or contradictory pass results fail closed
  ---
  duration_ms: 0.715958
  type: 'test'
  ...
# Subtest: impl persists explicit failure for missing, traversal, and symlink E2E evidence
ok 118 - impl persists explicit failure for missing, traversal, and symlink E2E evidence
  ---
  duration_ms: 2613.914959
  type: 'test'
  ...
# Subtest: impl persists migration missing/conflict evidence and done cannot bypass it
ok 119 - impl persists migration missing/conflict evidence and done cannot bypass it
  ---
  duration_ms: 1714.744542
  type: 'test'
  ...
# Subtest: legacy matrix: migrate active work explicitly, reject legacy transitions, warn for done
ok 120 - legacy matrix: migrate active work explicitly, reject legacy transitions, warn for done
  ---
  duration_ms: 405.8715
  type: 'test'
  ...
# Subtest: workflow v2 rejects duplicate begin and audit before explicit passing impl
ok 121 - workflow v2 rejects duplicate begin and audit before explicit passing impl
  ---
  duration_ms: 580.515375
  type: 'test'
  ...
# Subtest: evidence schema rejects scalar/duplicate declarations instead of treating them as empty
ok 122 - evidence schema rejects scalar/duplicate declarations instead of treating them as empty
  ---
  duration_ms: 469.760708
  type: 'test'
  ...
# Subtest: check --ci strictly validates an executed v2 in-progress record
ok 123 - check --ci strictly validates an executed v2 in-progress record
  ---
  duration_ms: 348.234375
  type: 'test'
  ...
# Subtest: E2E parent-directory symlink cannot escape the implementation repository
ok 124 - E2E parent-directory symlink cannot escape the implementation repository
  ---
  duration_ms: 373.201958
  type: 'test'
  ...
# Subtest: audit cache never bypasses base ancestor validation
ok 125 - audit cache never bypasses base ancestor validation
  ---
  duration_ms: 1799.1985
  type: 'test'
  ...
# Subtest: Python: minimal profile, real unittest/E2E, custom migration evidence, failing gate
ok 126 - Python: minimal profile, real unittest/E2E, custom migration evidence, failing gate
  ---
  duration_ms: 1563.095084
  type: 'test'
  ...
# Subtest: generic schema rejects ambiguous gates, unsafe argv, unknown fields and evidence paths
ok 127 - generic schema rejects ambiguous gates, unsafe argv, unknown fields and evidence paths
  ---
  duration_ms: 85.806875
  type: 'test'
  ...
# Subtest: argv metacharacters remain literal, not shell instructions
ok 128 - argv metacharacters remain literal, not shell instructions
  ---
  duration_ms: 116.655083
  type: 'test'
  ...
# Subtest: Python discovery is conservative, venv-aware, and no-gate impl cannot pass
ok 129 - Python discovery is conservative, venv-aware, and no-gate impl cannot pass
  ---
  duration_ms: 572.779167
  type: 'test'
  ...
# Subtest: missing executable is a failing configured gate, not default fallback
ok 130 - missing executable is a failing configured gate, not default fallback
  ---
  duration_ms: 94.515708
  type: 'test'
  ...
# Subtest: linked/detached/spaced worktrees keep local evidence and expose live freshness
ok 131 - linked/detached/spaced worktrees keep local evidence and expose live freshness
  ---
  duration_ms: 2844.725375
  type: 'test'
  ...
# Subtest: shared Spec allocator reserves unique IDs across competing processes/prefixes
ok 132 - shared Spec allocator reserves unique IDs across competing processes/prefixes
  ---
  duration_ms: 3470.521667
  type: 'test'
  ...
# Subtest: common-dir locks reject overlapping same-ID lifecycle, independent worktrees proceed
ok 133 - common-dir locks reject overlapping same-ID lifecycle, independent worktrees proceed
  ---
  duration_ms: 2657.396416
  type: 'test'
  ...
# Subtest: cancelled lifecycle releases the cross-process lock and leaves pending nonpass evidence
ok 134 - cancelled lifecycle releases the cross-process lock and leaves pending nonpass evidence
  ---
  duration_ms: 561.841375
  type: 'test'
  ...
# Subtest: allocator fails closed on unavailable worktree inventory
ok 135 - allocator fails closed on unavailable worktree inventory
  ---
  duration_ms: 413.09625
  type: 'test'
  ...
# Subtest: mid-gate code changes fail impl, mid-gate spec edits are preserved
ok 136 - mid-gate code changes fail impl, mid-gate spec edits are preserved
  ---
  duration_ms: 4460.141833
  type: 'test'
  ...
1..136
# tests 136
# suites 0
# pass 136
# fail 0
# cancelled 0
# skipped 0
# todo 0
# duration_ms 26611.8315
PASS 跨仓库 commit 放行（目标仓库无门禁，不被会话项目牵连）
PASS 目标仓库经 rev-parse 确认
PASS 裁决仓库为 pages 而非会话项目
PASS allow-external 台账落目标仓库
PASS 台账含 targetRepo 字段
PASS 会话项目无台账残留
PASS 会话内 commit 仍被红门禁拦截
PASS block reason 标明仓库
PASS CLI begin migrates approved spec to workflow v2
PASS CLI impl reports non-passing evidence instead of an empty success
PASS invalid and missing E2E results are persisted explicitly
PASS migration conflict is persisted
PASS path-traversal E2E was not executed
PASS done rejects failed E2E/migration evidence
PASS second spec begins
PASS clean impl records explicit pass and snapshot
PASS isolated fake auditor produces bound pass evidence
PASS audit subprocess disables tools, session, and extensions
PASS audit prompt contains untracked implementation patch without truncation placeholder
PASS done rejects verdict/criteria inconsistency
PASS done rejects a changed live implementation snapshot
PASS unchanged bound record reaches done
PASS terminal status is persisted
PASS CLI board scans all supported directories
PASS board merges singular/plural docs and project directories
PASS discovery does not recurse into nested directories
PASS discovery order is deterministic
PASS CLI lifecycle resolves a project-level specs file
PASS project-level spec receives normal lifecycle writeback
PASS numeric ID and dot-prefixed filename are discovered by the real CLI
PASS configured legacy active specs remain under external project governance
PASS begin preserves example-app-shaped fields and does not inject a body status line
PASS impl runs only the configured authoritative verify npm script
PASS audit remains bound after review-only metadata updates
PASS profile audit keeps the isolated no-tools subprocess boundary
PASS done preserves project metadata and writes the configured terminal status
PASS second configured spec begins
PASS second configured spec records impl evidence
PASS profile changes invalidate previously recorded implementation evidence
PASS invalid profile fails closed at the CLI boundary
PASS private Action-equivalent subprocess chain invokes caller verify once
PASS private Action preserves unconfigured verify-only callers
PASS private Action-equivalent chain fails closed on invalid caller Spec
PASS copied Action CLI invokes package.json-free Python verify exactly once without recursion
PASS real linked worktree has isolated Python lifecycle, E2E and live evidence despite concurrent main edits
⚠️ 警告:
  ! S1.1: legacy done spec，仅做只读兼容
✅ check --ci 通过
