# Post-fix targeted: node --test core.test.mjs review-repair.test.mjs review-creation.test.mjs
# Tree: rebased onto 1d3d259 (prompt_version 5; result protocol stays 2)
✅ All tests defined
✔ frontmatter: parse and write roundtrip (2.753792ms)
✔ frontmatter: missing returns null (0.064959ms)
✔ status line: extract and update (0.183042ms)
✔ status line: update preserves note (0.071791ms)
✔ status line: update replaces note when new note provided (0.057125ms)
✔ status line: update without note on line without note (0.042167ms)
✔ drift: no drift when body matches frontmatter (0.167166ms)
✔ drift: detect mismatch (0.09725ms)
✔ drift: ignore parenthetical notes (0.076041ms)
✔ drift: ignore emoji prefix (0.107291ms)
✔ config: detect gates (1.056209ms)
✔ config: degrade gracefully when no config (0.520333ms)
✔ migrate-alloc: increment from last (1.151708ms)
✔ migrate-alloc: reject when no directory (1.347333ms)
✔ attest: reject short note (16.104208ms)
✔ attest: accept valid note and bind both hashes (2420.951584ms)
✔ done: list gaps when incomplete (16.861875ms)
✔ done: accepts hash-bound evidence from impl.repo (external repo) (2905.154875ms)
✔ done: reject when tracked or untracked implementation changes after audit (4958.389541ms)
✔ check --ci keeps v2 done historical: no live snapshot or current evidence-file recheck (2744.254625ms)
✔ done: ledger includes bound impl and audit summary (2827.913042ms)
✔ done: verdict=pass with a failing criterion is rejected (2441.129541ms)
✔ spec discovery: scans docs/project singular and plural directories without recursion (3.326541ms)
✔ spec discovery: ignores a candidate symlink that escapes the project (1.067875ms)
✔ spec discovery: duplicate IDs fail closed instead of selecting one directory (1.509125ms)
✔ board: show managed and unmanaged specs (1.042042ms)
✔ evidence: check --ci detects missing e2e file (1.494917ms)
✔ isCommitCommand: git -C and subshell forms match (S1.1) (0.421958ms)
✔ parseCommitTargetRepo: cd / -C chains resolve to target dir (S1.1) (0.615542ms)
✔ resolveCommitRepo: confirms via git rev-parse --show-toplevel (S1.1) (149.768875ms)
✔ commitGateDecision: external repo without gates → allow (S1.1) (89.659958ms)
✔ commitGateDecision: block reason includes the repo path (S1.1 audit) (229.74375ms)
✔ commitGateDecision: unresolved target falls back to session gating (S1.1 audit) (152.180583ms)
✔ appendCommitLedger: writes to target repo with targetRepo field (S1.1 audit) (62.078125ms)
✔ appendCommitLedger: unresolved target → session fallback with ledgerFallback (S1.1 audit) (0.481791ms)
✔ commitGateDecision: external repo WITH gates runs ITS gates (S1.1) (185.805542ms)
✔ commitGateDecision: external repo gates red → block with repo context (S1.1) (207.743833ms)
✔ bypass: -C form recognized (S1.1) (0.159166ms)
✔ bypass: env prefix to git commit is recognized (0.044959ms)
✔ bypass: after separator is recognized (0.032708ms)
✔ bypass: substring in commit message is NOT recognized (0.027167ms)
✔ bypass: no bypass var is not recognized (0.026167ms)
✔ e2e parse: all PASS exit0 → pass (0.041ms)
✔ e2e parse: PASS + FAIL lines → fail (0.041667ms)
✔ e2e parse: only FAIL → fail (0.029208ms)
✔ e2e parse: no PASS no FAIL → fail (0.027875ms)
✔ e2e parse: PASS must be at line start (0.039958ms)
✔ impl: e2e with FAIL lines in output is detected as failure (852.923125ms)
✔ impl: e2e with all PASS lines passes (798.442708ms)
✔ impl: e2e with non-zero exit is failure (820.616833ms)
✔ impl: missing and path-traversal e2e evidence fail closed (1587.976416ms)
✔ audit: pass result caches only on unchanged implementation and contract hashes (2780.915875ms)
✔ audit: failed job is never respawned; explicit re-impl permits a new charged review (4767.075416ms)
✔ audit: subprocess failure persists fail/unverifiable criteria (2151.822166ms)
✔ audit: runtime/cross-repository/human acceptance facts defer instead of blocking PASS (2862.274208ms)
✔ audit: out_of_scope never rescues unverifiable or empty criteria (fail closed) (4340.860166ms)
✔ buildAuditorArgs: returns @file arg, file contains prompt, cleanup works (0.732292ms)
✔ buildAuditorArgs: includes --model when model is provided (0.475833ms)
✔ buildAuditorArgs: preserves backticks, ${}, $(), double quotes in prompt file (0.466833ms)
✔ buildAuditorArgs: returns a new array each call (no shared mutation) (0.941167ms)
✔ buildAuditorArgs: long prompt over argv limit goes to file (0.976209ms)
✔ nextStep: impl.at empty → spec_impl (0.786958ms)
✔ nextStep: missing proposal approval is surfaced before implementation (0.705833ms)
✔ nextStep: impl pass, no audit → spec_audit (0.683ms)
✔ nextStep: impl has gate failure → fix impl (0.732875ms)
✔ nextStep: audit verdict fail → fix findings (0.581583ms)
✔ nextStep: stale audit binding → rerun audit (2088.721333ms)
✔ nextStep: all bound evidence green → spec_done (2117.317458ms)
✔ nextStep: board stays record-only; done owns live snapshot validation (2462.681875ms)
✔ renderBoard: empty project → empty string (0.649833ms)
✔ renderBoard: shows status, impl/audit/attest, and accurate next step (2432.459584ms)
✔ renderBoard: drift detected on mismatched status line (0.854584ms)
✔ renderSpecDetail: not found → null (0.8775ms)
✔ renderSpecDetail: unmanaged → warning line (0.71125ms)
✔ renderSpecDetail: shows review/deps/impl/audit/attest lines (78.130625ms)
✔ parseVerdictJson: handles \s in evidence string (0.151875ms)
✔ parseVerdictJson: valid JSON passes through unchanged (0.040917ms)
✔ parseVerdictJson: totally broken JSON falls back to verdict=fail (0.035083ms)
✔ commitGateAction: non-commit command → allow (0.039625ms)
✔ commitGateAction: all gates green → allow (0.029792ms)
✔ commitGateAction: red gate → block with gate name in reason (0.03275ms)
✔ commitGateAction: SPECFLOW_BYPASS prefix → bypass (0.024875ms)
✔ commitGateAction: SPECFLOW_BYPASS in message → NOT bypass, still block (0.036083ms)
✔ runGates: success captures stdout tail for evidence (31.869166ms)
✔ runGates: gate timeout defaults to 15min and is configurable via SPECFLOW_GATE_TIMEOUT (1037.782292ms)
✔ new: deterministic parseable draft, TODO, YAML title, no evidence/approval; preview burns no ID (551.217583ms)
✔ new: strict creation-only numeric profile makes a CI-clean unapproved draft (423.712708ms)
✔ new: custom lifecycle mappings and kind defaults are respected (347.649708ms)
✔ new: explicit no-draft lifecycle, unfillable metadata and unknown keys fail before reservation (202.698583ms)
✔ new: unsafe profile defaults/template paths, expressions, symlinks and ambiguous dirs fail closed (160.237417ms)
✔ new: exclusive publication never overwrites and a failed reservation stays burned (620.010542ms)
✔ review: exact head contract, static nonexecuting Pi metadata, explicit dirty exclusions (644.491958ms)
✔ review: no model on empty diff; proposal isn't an empty-diff PASS (1080.349542ms)
✔ review: flat native declaration retains exact per-action rejection before charge/spawn (626.397625ms)
✔ review: malformed revisions, nonancestor and oversized packets fail before model (685.318375ms)
✔ review: high-risk scanner and packet tampering reject before charge/spawn (1509.66975ms)
✔ review: explicit immutable grant, single charge, exact child bytes, raw response and free cache (2999.631ms)
✔ review: malformed model output and contradictory criteria remain nonpassing and retained (1920.541458ms)
✔ review: cancellation remains charged, nonpassing and never auto-respawns (1860.346416ms)
✔ incremental: unchanged baseline observations don't block, and blockers need exact delta lines/closure (2313.444459ms)
✔ Pi recognition: globs/exclusions/missing/unsafe/symlink and invalid manifests never execute (0.473ms)
✔ lifecycle: shared full audit, free attach/cache, ordinary report cannot close; source mutation rejected (4803.090375ms)
✔ new: safe custom body template is versioned; kind cannot be guessed (357.916ms)
✔ review: profile/package from head and fsmonitor never executes during preparation (606.09675ms)
✔ review: cached packet/raw/result tampering cannot become another cached approval (1741.99525ms)
✔ review: overflowing output is captured boundedly and never passes (1676.50325ms)
✔ lifecycle: a mid-review source edit rejects even a fake PASS; ordinary approval never attaches (4205.706291ms)
✔ lifecycle: retained tamper rejects cached audit and done without another model call (3094.253042ms)
✔ lifecycle: prepared full job checks exact diff/impl and attaches after same-content commit for free (3830.106583ms)
✔ repair: versioned lossless known scope observations; legacy normalization stays byte-equivalent (1.183125ms)
✔ repair: new packet explicitly types scope items and pins prompt/result versions (535.189541ms)
✔ repair: sealed packet forbids runtime/remote/human facts as criteria and defers them (539.013666ms)
✔ repair: exhausted grant permits explicit derived repair/free replay, not original rewriting or respawn (3554.945ms)
✔ repair: unknown fields, semantic fabrication parameters and incomplete/cancelled sources reject free (2668.748ms)
✔ repair: genuine product FAIL remains FAIL after protocol correction (2382.008166ms)
✔ repair: derived proof rejects tampered source metadata/raw/packet/result and derived bindings (2696.678375ms)
✔ repair: full lifecycle protocol error gives actionable free fix, repaired bound proof can attach/attest/done (5047.193625ms)
✔ repair: ordinary proof cannot attach and PASS cannot swallow a genuine blocking finding (3224.698584ms)
✔ repair: interrupted derived publication leaves original intact and retry needs no new review (2588.904833ms)
✔ repair: changed contract/implementation never inherits historical PASS (3839.170583ms)
ℹ tests 120
ℹ suites 0
ℹ pass 120
ℹ fail 0
ℹ cancelled 0
ℹ skipped 0
ℹ todo 0
ℹ duration_ms 50720.798625
