TAP version 13
# Subtest: private cross-repository Action is composite, installs pinned deps, and runs caller verify
ok 1 - private cross-repository Action is composite, installs pinned deps, and runs caller verify
  ---
  duration_ms: 2.440708
  type: 'test'
  ...
# Subtest: self CI statically selects supported Node, Python and the entire authoritative gate
ok 2 - self CI statically selects supported Node, Python and the entire authoritative gate
  ---
  duration_ms: 0.773
  type: 'test'
  ...
# Subtest: without validation profile, project contract rules remain disabled
ok 3 - without validation profile, project contract rules remain disabled
  ---
  duration_ms: 6.437291
  type: 'test'
  ...
# Subtest: configured contract checker enforces parity across done/legacy/archived
ok 4 - configured contract checker enforces parity across done/legacy/archived
  ---
  duration_ms: 3.85225
  type: 'test'
  ...
# Subtest: numeric ID, filename, missing dependency, arbitrary cycle and addendum fail closed
ok 5 - numeric ID, filename, missing dependency, arbitrary cycle and addendum fail closed
  ---
  duration_ms: 3.349667
  type: 'test'
  ...
# Error: check accepts only --ci and optional --contracts-only / --live
# Subtest: Action verify stops before gates on invalid contracts while bare CI still diagnoses all gates
ok 6 - Action verify stops before gates on invalid contracts while bare CI still diagnoses all gates
  ---
  duration_ms: 121.454875
  type: 'test'
  ...
# Subtest: strict validation schema rejects unknown keys and unsafe required fields
ok 7 - strict validation schema rejects unknown keys and unsafe required fields
  ---
  duration_ms: 2.12375
  type: 'test'
  ...
# Subtest: CLI contracts-only does not execute gates; full CI does; unknown flags fail
ok 8 - CLI contracts-only does not execute gates; full CI does; unknown flags fail
  ---
  duration_ms: 248.175083
  type: 'test'
  ...
1..8
# tests 8
# suites 0
# pass 8
# fail 0
# cancelled 0
# skipped 0
# todo 0
# duration_ms 433.178875
PASS private Action-equivalent subprocess chain invokes caller verify once
PASS private Action preserves unconfigured verify-only callers
PASS private Action-equivalent chain fails closed before gates on invalid caller Spec
Error: validation contains unknown key: unknown
PASS private Action-equivalent chain rejects malformed profile before gates
PASS private Action-equivalent chain propagates failed caller gate exactly once
