
> pi-spec-flow@0.2.0 check
> npm run typecheck && npm test && node tests/e2e/e2e-commit-gate.mjs && node tests/e2e/e2e-trustworthy-closure.mjs && node tests/e2e/e2e-spec-discovery.mjs && node tests/e2e/e2e-project-governance-profile.mjs && node tests/e2e/e2e-private-action.mjs && node tests/e2e/e2e-worktrees-python.mjs && node tests/e2e/e2e-review-and-spec-new.mjs && node tests/e2e/e2e-review-execution.mjs && node core.mjs check --ci --contracts-only


> pi-spec-flow@0.2.0 typecheck
> node --check core.mjs && node --check index.ts && node --check adapter-core.mjs && node --check project-profile.mjs && node --check workspace.mjs && node --check spec-creation.mjs && node --check review-engine.mjs && node --check review-execution.mjs && node --check review-storage.mjs && node --check review-worker.mjs && node --check integrations/skill-migration.mjs && node integrations/skill-migration.mjs --check

PASS tracked autonomous bundle/version/SHA-256 manifest

> pi-spec-flow@0.2.0 test
> node --test core.test.mjs trustworthy.test.mjs adapter-core.test.mjs project-profile.test.mjs project-contracts.test.mjs action.test.mjs workspace-project.test.mjs review-creation.test.mjs review-execution.test.mjs

TAP version 13
# Subtest: private cross-repository Action is composite, installs pinned deps, and runs caller verify
ok 1 - private cross-repository Action is composite, installs pinned deps, and runs caller verify
  ---
  duration_ms: 2.724209
  type: 'test'
  ...
# Subtest: self CI statically selects supported Node, Python and the entire authoritative gate
ok 2 - self CI statically selects supported Node, Python and the entire authoritative gate
  ---
  duration_ms: 1.400166
  type: 'test'
  ...
# Subtest: gate: allow — 用户确认后放行，透传 signal 且展示 item+note
ok 3 - gate: allow — 用户确认后放行，透传 signal 且展示 item+note
  ---
  duration_ms: 1.213667
  type: 'test'
  ...
# Subtest: gate: allow — 无可用 signal 时不传 opts
ok 4 - gate: allow — 无可用 signal 时不传 opts
  ---
  duration_ms: 0.148125
  type: 'test'
  ...
# Subtest: gate: deny — confirm 返回 false 时不放行
ok 5 - gate: deny — confirm 返回 false 时不放行
  ---
  duration_ms: 0.074167
  type: 'test'
  ...
# Subtest: gate: deny — confirm 返回 undefined（取消）时不放行
ok 6 - gate: deny — confirm 返回 undefined（取消）时不放行
  ---
  duration_ms: 0.069
  type: 'test'
  ...
# Subtest: gate: no-ui — hasUI=false 拒绝且不调用 confirm
ok 7 - gate: no-ui — hasUI=false 拒绝且不调用 confirm
  ---
  duration_ms: 0.064917
  type: 'test'
  ...
# Subtest: gate: no-ui — hasUI=true 但没有 confirm 实现时同样拒绝
ok 8 - gate: no-ui — hasUI=true 但没有 confirm 实现时同样拒绝
  ---
  duration_ms: 0.052667
  type: 'test'
  ...
# Subtest: gate: confirm 抛错时向上抛出（不伪造放行/拒绝）
ok 9 - gate: confirm 抛错时向上抛出（不伪造放行/拒绝）
  ---
  duration_ms: 0.216458
  type: 'test'
  ...
# Subtest: formatAttestationPrompt 同时包含 item 与 note，超长 note 有明确上限
ok 10 - formatAttestationPrompt 同时包含 item 与 note，超长 note 有明确上限
  ---
  duration_ms: 0.105875
  type: 'test'
  ...
# Subtest: truncateToolText 短文本原样返回、长文本截断并标记
ok 11 - truncateToolText 短文本原样返回、长文本截断并标记
  ---
  duration_ms: 0.269291
  type: 'test'
  ...
# Subtest: index.ts: begin/impl/audit/attest/done 都在 mutation queue 包裹内
ok 12 - index.ts: begin/impl/audit/attest/done 都在 mutation queue 包裹内
  ---
  duration_ms: 0.474917
  type: 'test'
  ...
# Subtest: index.ts: 工具错误直接 throw，不返回伪造的 isError 字段
ok 13 - index.ts: 工具错误直接 throw，不返回伪造的 isError 字段
  ---
  duration_ms: 0.122875
  type: 'test'
  ...
# Subtest: index.ts: 已移除无用 imports（migrateAlloc/checkCI/parseFrontmatter）
ok 14 - index.ts: 已移除无用 imports（migrateAlloc/checkCI/parseFrontmatter）
  ---
  duration_ms: 0.235083
  type: 'test'
  ...
# Subtest: index.ts: fake Pi 可加载注册，且并发 begin 由真实 spec path 串行化
not ok 15 - index.ts: fake Pi 可加载注册，且并发 begin 由真实 spec path 串行化
  ---
  duration_ms: 190.683208
  type: 'test'
  location: 'adapter-core.test.mjs:191:1'
  failureType: 'testCodeFailure'
  error: 'Type.Null is not a function'
  code: 'ERR_TEST_FAILURE'
  name: 'TypeError'
  stack: |-
    Module.default (file://<tmp>/specflow-adapter-Un6QZp/index.ts?v=1791151647270:123:126)
    TestContext.<anonymous> (adapter-core.test.mjs:268:22)
    async Test.run (node:internal/test_runner/test:1054:7)
    async Test.processPendingSubtests (node:internal/test_runner/test:744:7)
  ...
# ✅ All tests defined
# Subtest: frontmatter: parse and write roundtrip
ok 16 - frontmatter: parse and write roundtrip
  ---
  duration_ms: 4.72825
  type: 'test'
  ...
# Subtest: frontmatter: missing returns null
ok 17 - frontmatter: missing returns null
  ---
  duration_ms: 0.068667
  type: 'test'
  ...
# Subtest: status line: extract and update
ok 18 - status line: extract and update
  ---
  duration_ms: 0.241084
  type: 'test'
  ...
# Subtest: status line: update preserves note
ok 19 - status line: update preserves note
  ---
  duration_ms: 0.073333
  type: 'test'
  ...
# Subtest: status line: update replaces note when new note provided
ok 20 - status line: update replaces note when new note provided
  ---
  duration_ms: 0.056541
  type: 'test'
  ...
# Subtest: status line: update without note on line without note
ok 21 - status line: update without note on line without note
  ---
  duration_ms: 0.046833
  type: 'test'
  ...
# Subtest: drift: no drift when body matches frontmatter
ok 22 - drift: no drift when body matches frontmatter
  ---
  duration_ms: 0.215792
  type: 'test'
  ...
# Subtest: drift: detect mismatch
ok 23 - drift: detect mismatch
  ---
  duration_ms: 0.168208
  type: 'test'
  ...
# Subtest: drift: ignore parenthetical notes
ok 24 - drift: ignore parenthetical notes
  ---
  duration_ms: 0.269333
  type: 'test'
  ...
# Subtest: drift: ignore emoji prefix
ok 25 - drift: ignore emoji prefix
  ---
  duration_ms: 0.303333
  type: 'test'
  ...
# Subtest: config: detect gates
ok 26 - config: detect gates
  ---
  duration_ms: 1.061208
  type: 'test'
  ...
# Subtest: config: degrade gracefully when no config
ok 27 - config: degrade gracefully when no config
  ---
  duration_ms: 0.409583
  type: 'test'
  ...
# Subtest: migrate-alloc: increment from last
ok 28 - migrate-alloc: increment from last
  ---
  duration_ms: 1.569042
  type: 'test'
  ...
# Subtest: migrate-alloc: reject when no directory
ok 29 - migrate-alloc: reject when no directory
  ---
  duration_ms: 0.379375
  type: 'test'
  ...
# Subtest: attest: reject short note
ok 30 - attest: reject short note
  ---
  duration_ms: 27.97675
  type: 'test'
  ...
# Subtest: attest: accept valid note and bind both hashes
ok 31 - attest: accept valid note and bind both hashes
  ---
  duration_ms: 3598.264542
  type: 'test'
  ...
# Subtest: done: list gaps when incomplete
ok 32 - done: list gaps when incomplete
  ---
  duration_ms: 23.081292
  type: 'test'
  ...
# Subtest: done: accepts hash-bound evidence from impl.repo (external repo)
ok 33 - done: accepts hash-bound evidence from impl.repo (external repo)
  ---
  duration_ms: 4005.764292
  type: 'test'
  ...
# Subtest: done: reject when tracked or untracked implementation changes after audit
ok 34 - done: reject when tracked or untracked implementation changes after audit
  ---
  duration_ms: 5875.176667
  type: 'test'
  ...
# Subtest: check --ci keeps v2 done historical: no live snapshot or current evidence-file recheck
ok 35 - check --ci keeps v2 done historical: no live snapshot or current evidence-file recheck
  ---
  duration_ms: 2863.983625
  type: 'test'
  ...
# Subtest: done: ledger includes bound impl and audit summary
ok 36 - done: ledger includes bound impl and audit summary
  ---
  duration_ms: 2829.4195
  type: 'test'
  ...
# Subtest: done: verdict=pass with a failing criterion is rejected
ok 37 - done: verdict=pass with a failing criterion is rejected
  ---
  duration_ms: 2425.336666
  type: 'test'
  ...
# Subtest: spec discovery: scans docs/project singular and plural directories without recursion
ok 38 - spec discovery: scans docs/project singular and plural directories without recursion
  ---
  duration_ms: 2.832917
  type: 'test'
  ...
# Subtest: spec discovery: ignores a candidate symlink that escapes the project
ok 39 - spec discovery: ignores a candidate symlink that escapes the project
  ---
  duration_ms: 0.639916
  type: 'test'
  ...
# Subtest: spec discovery: duplicate IDs fail closed instead of selecting one directory
ok 40 - spec discovery: duplicate IDs fail closed instead of selecting one directory
  ---
  duration_ms: 1.240542
  type: 'test'
  ...
# Subtest: board: show managed and unmanaged specs
ok 41 - board: show managed and unmanaged specs
  ---
  duration_ms: 0.679292
  type: 'test'
  ...
# Subtest: evidence: check --ci detects missing e2e file
ok 42 - evidence: check --ci detects missing e2e file
  ---
  duration_ms: 0.670041
  type: 'test'
  ...
# Subtest: isCommitCommand: git -C and subshell forms match (S1.1)
ok 43 - isCommitCommand: git -C and subshell forms match (S1.1)
  ---
  duration_ms: 0.2745
  type: 'test'
  ...
# Subtest: parseCommitTargetRepo: cd / -C chains resolve to target dir (S1.1)
ok 44 - parseCommitTargetRepo: cd / -C chains resolve to target dir (S1.1)
  ---
  duration_ms: 0.602416
  type: 'test'
  ...
# Subtest: resolveCommitRepo: confirms via git rev-parse --show-toplevel (S1.1)
ok 45 - resolveCommitRepo: confirms via git rev-parse --show-toplevel (S1.1)
  ---
  duration_ms: 75.723959
  type: 'test'
  ...
# Subtest: commitGateDecision: external repo without gates → allow (S1.1)
ok 46 - commitGateDecision: external repo without gates → allow (S1.1)
  ---
  duration_ms: 75.403
  type: 'test'
  ...
# Subtest: commitGateDecision: block reason includes the repo path (S1.1 audit)
ok 47 - commitGateDecision: block reason includes the repo path (S1.1 audit)
  ---
  duration_ms: 191.161583
  type: 'test'
  ...
# Subtest: commitGateDecision: unresolved target falls back to session gating (S1.1 audit)
ok 48 - commitGateDecision: unresolved target falls back to session gating (S1.1 audit)
  ---
  duration_ms: 130.125541
  type: 'test'
  ...
# Subtest: appendCommitLedger: writes to target repo with targetRepo field (S1.1 audit)
ok 49 - appendCommitLedger: writes to target repo with targetRepo field (S1.1 audit)
  ---
  duration_ms: 58.545667
  type: 'test'
  ...
# Subtest: appendCommitLedger: unresolved target → session fallback with ledgerFallback (S1.1 audit)
ok 50 - appendCommitLedger: unresolved target → session fallback with ledgerFallback (S1.1 audit)
  ---
  duration_ms: 0.327125
  type: 'test'
  ...
# Subtest: commitGateDecision: external repo WITH gates runs ITS gates (S1.1)
ok 51 - commitGateDecision: external repo WITH gates runs ITS gates (S1.1)
  ---
  duration_ms: 168.129041
  type: 'test'
  ...
# Subtest: commitGateDecision: external repo gates red → block with repo context (S1.1)
ok 52 - commitGateDecision: external repo gates red → block with repo context (S1.1)
  ---
  duration_ms: 188.883666
  type: 'test'
  ...
# Subtest: bypass: -C form recognized (S1.1)
ok 53 - bypass: -C form recognized (S1.1)
  ---
  duration_ms: 0.097625
  type: 'test'
  ...
# Subtest: bypass: env prefix to git commit is recognized
ok 54 - bypass: env prefix to git commit is recognized
  ---
  duration_ms: 0.030666
  type: 'test'
  ...
# Subtest: bypass: after separator is recognized
ok 55 - bypass: after separator is recognized
  ---
  duration_ms: 0.026291
  type: 'test'
  ...
# Subtest: bypass: substring in commit message is NOT recognized
ok 56 - bypass: substring in commit message is NOT recognized
  ---
  duration_ms: 0.022667
  type: 'test'
  ...
# Subtest: bypass: no bypass var is not recognized
ok 57 - bypass: no bypass var is not recognized
  ---
  duration_ms: 0.020709
  type: 'test'
  ...
# Subtest: e2e parse: all PASS exit0 → pass
ok 58 - e2e parse: all PASS exit0 → pass
  ---
  duration_ms: 0.065792
  type: 'test'
  ...
# Subtest: e2e parse: PASS + FAIL lines → fail
ok 59 - e2e parse: PASS + FAIL lines → fail
  ---
  duration_ms: 0.031333
  type: 'test'
  ...
# Subtest: e2e parse: only FAIL → fail
ok 60 - e2e parse: only FAIL → fail
  ---
  duration_ms: 0.022542
  type: 'test'
  ...
# Subtest: e2e parse: no PASS no FAIL → fail
ok 61 - e2e parse: no PASS no FAIL → fail
  ---
  duration_ms: 0.024417
  type: 'test'
  ...
# Subtest: e2e parse: PASS must be at line start
ok 62 - e2e parse: PASS must be at line start
  ---
  duration_ms: 0.020958
  type: 'test'
  ...
# Subtest: impl: e2e with FAIL lines in output is detected as failure
ok 63 - impl: e2e with FAIL lines in output is detected as failure
  ---
  duration_ms: 799.376917
  type: 'test'
  ...
# Subtest: impl: e2e with all PASS lines passes
ok 64 - impl: e2e with all PASS lines passes
  ---
  duration_ms: 832.912666
  type: 'test'
  ...
# Subtest: impl: e2e with non-zero exit is failure
ok 65 - impl: e2e with non-zero exit is failure
  ---
  duration_ms: 809.707292
  type: 'test'
  ...
# Subtest: impl: missing and path-traversal e2e evidence fail closed
ok 66 - impl: missing and path-traversal e2e evidence fail closed
  ---
  duration_ms: 1526.967333
  type: 'test'
  ...
# Subtest: audit: pass result caches only on unchanged implementation and contract hashes
ok 67 - audit: pass result caches only on unchanged implementation and contract hashes
  ---
  duration_ms: 2824.400459
  type: 'test'
  ...
# Subtest: audit: failed job is never respawned; explicit re-impl permits a new charged review
ok 68 - audit: failed job is never respawned; explicit re-impl permits a new charged review
  ---
  duration_ms: 5071.652292
  type: 'test'
  ...
# Subtest: audit: subprocess failure persists fail/unverifiable criteria
ok 69 - audit: subprocess failure persists fail/unverifiable criteria
  ---
  duration_ms: 2503.00175
  type: 'test'
  ...
# Subtest: buildAuditorArgs: returns @file arg, file contains prompt, cleanup works
ok 70 - buildAuditorArgs: returns @file arg, file contains prompt, cleanup works
  ---
  duration_ms: 0.73225
  type: 'test'
  ...
# Subtest: buildAuditorArgs: includes --model when model is provided
ok 71 - buildAuditorArgs: includes --model when model is provided
  ---
  duration_ms: 0.502125
  type: 'test'
  ...
# Subtest: buildAuditorArgs: preserves backticks, ${}, $(), double quotes in prompt file
ok 72 - buildAuditorArgs: preserves backticks, ${}, $(), double quotes in prompt file
  ---
  duration_ms: 0.387875
  type: 'test'
  ...
# Subtest: buildAuditorArgs: returns a new array each call (no shared mutation)
ok 73 - buildAuditorArgs: returns a new array each call (no shared mutation)
  ---
  duration_ms: 0.631
  type: 'test'
  ...
# Subtest: buildAuditorArgs: long prompt over argv limit goes to file
ok 74 - buildAuditorArgs: long prompt over argv limit goes to file
  ---
  duration_ms: 0.744958
  type: 'test'
  ...
# Subtest: nextStep: impl.at empty → spec_impl
ok 75 - nextStep: impl.at empty → spec_impl
  ---
  duration_ms: 0.624541
  type: 'test'
  ...
# Subtest: nextStep: missing proposal approval is surfaced before implementation
ok 76 - nextStep: missing proposal approval is surfaced before implementation
  ---
  duration_ms: 0.527583
  type: 'test'
  ...
# Subtest: nextStep: impl pass, no audit → spec_audit
ok 77 - nextStep: impl pass, no audit → spec_audit
  ---
  duration_ms: 0.506833
  type: 'test'
  ...
# Subtest: nextStep: impl has gate failure → fix impl
ok 78 - nextStep: impl has gate failure → fix impl
  ---
  duration_ms: 0.475125
  type: 'test'
  ...
# Subtest: nextStep: audit verdict fail → fix findings
ok 79 - nextStep: audit verdict fail → fix findings
  ---
  duration_ms: 0.514917
  type: 'test'
  ...
# Subtest: nextStep: stale audit binding → rerun audit
ok 80 - nextStep: stale audit binding → rerun audit
  ---
  duration_ms: 2300.458208
  type: 'test'
  ...
# Subtest: nextStep: all bound evidence green → spec_done
ok 81 - nextStep: all bound evidence green → spec_done
  ---
  duration_ms: 2215.934334
  type: 'test'
  ...
# Subtest: nextStep: board stays record-only; done owns live snapshot validation
ok 82 - nextStep: board stays record-only; done owns live snapshot validation
  ---
  duration_ms: 2572.353542
  type: 'test'
  ...
# Subtest: renderBoard: empty project → empty string
ok 83 - renderBoard: empty project → empty string
  ---
  duration_ms: 0.391875
  type: 'test'
  ...
# Subtest: renderBoard: shows status, impl/audit/attest, and accurate next step
ok 84 - renderBoard: shows status, impl/audit/attest, and accurate next step
  ---
  duration_ms: 2507.494834
  type: 'test'
  ...
# Subtest: renderBoard: drift detected on mismatched status line
ok 85 - renderBoard: drift detected on mismatched status line
  ---
  duration_ms: 0.716125
  type: 'test'
  ...
# Subtest: renderSpecDetail: not found → null
ok 86 - renderSpecDetail: not found → null
  ---
  duration_ms: 0.624708
  type: 'test'
  ...
# Subtest: renderSpecDetail: unmanaged → warning line
ok 87 - renderSpecDetail: unmanaged → warning line
  ---
  duration_ms: 0.461708
  type: 'test'
  ...
# Subtest: renderSpecDetail: shows review/deps/impl/audit/attest lines
ok 88 - renderSpecDetail: shows review/deps/impl/audit/attest lines
  ---
  duration_ms: 71.278125
  type: 'test'
  ...
# Subtest: parseVerdictJson: handles \\s in evidence string
ok 89 - parseVerdictJson: handles \\s in evidence string
  ---
  duration_ms: 0.154417
  type: 'test'
  ...
# Subtest: parseVerdictJson: valid JSON passes through unchanged
ok 90 - parseVerdictJson: valid JSON passes through unchanged
  ---
  duration_ms: 0.042083
  type: 'test'
  ...
# Subtest: parseVerdictJson: totally broken JSON falls back to verdict=fail
ok 91 - parseVerdictJson: totally broken JSON falls back to verdict=fail
  ---
  duration_ms: 0.032167
  type: 'test'
  ...
# Subtest: commitGateAction: non-commit command → allow
ok 92 - commitGateAction: non-commit command → allow
  ---
  duration_ms: 0.030208
  type: 'test'
  ...
# Subtest: commitGateAction: all gates green → allow
ok 93 - commitGateAction: all gates green → allow
  ---
  duration_ms: 0.027583
  type: 'test'
  ...
# Subtest: commitGateAction: red gate → block with gate name in reason
ok 94 - commitGateAction: red gate → block with gate name in reason
  ---
  duration_ms: 0.03
  type: 'test'
  ...
# Subtest: commitGateAction: SPECFLOW_BYPASS prefix → bypass
ok 95 - commitGateAction: SPECFLOW_BYPASS prefix → bypass
  ---
  duration_ms: 0.022
  type: 'test'
  ...
# Subtest: commitGateAction: SPECFLOW_BYPASS in message → NOT bypass, still block
ok 96 - commitGateAction: SPECFLOW_BYPASS in message → NOT bypass, still block
  ---
  duration_ms: 0.025125
  type: 'test'
  ...
# Subtest: runGates: success captures stdout tail for evidence
ok 97 - runGates: success captures stdout tail for evidence
  ---
  duration_ms: 25.509417
  type: 'test'
  ...
# Subtest: without validation profile, project contract rules remain disabled
ok 98 - without validation profile, project contract rules remain disabled
  ---
  duration_ms: 10.676291
  type: 'test'
  ...
# Subtest: configured contract checker enforces parity across done/legacy/archived
ok 99 - configured contract checker enforces parity across done/legacy/archived
  ---
  duration_ms: 4.685083
  type: 'test'
  ...
# Subtest: numeric ID, filename, missing dependency, arbitrary cycle and addendum fail closed
ok 100 - numeric ID, filename, missing dependency, arbitrary cycle and addendum fail closed
  ---
  duration_ms: 7.738958
  type: 'test'
  ...
# Error: check accepts only --ci and optional --contracts-only / --live
# Subtest: Action verify stops before gates on invalid contracts while bare CI still diagnoses all gates
ok 101 - Action verify stops before gates on invalid contracts while bare CI still diagnoses all gates
  ---
  duration_ms: 195.363875
  type: 'test'
  ...
# Subtest: strict validation schema rejects unknown keys and unsafe required fields
ok 102 - strict validation schema rejects unknown keys and unsafe required fields
  ---
  duration_ms: 5.737291
  type: 'test'
  ...
# Subtest: CLI contracts-only does not execute gates; full CI does; unknown flags fail
ok 103 - CLI contracts-only does not execute gates; full CI does; unknown flags fail
  ---
  duration_ms: 387.983417
  type: 'test'
  ...
# Subtest: project profile: strict config loads status, approval, dependencies, and replace gates
ok 104 - project profile: strict config loads status, approval, dependencies, and replace gates
  ---
  duration_ms: 2.843125
  type: 'test'
  ...
# Subtest: project profile: unknown keys, missing scripts, overlapping status, and symlinks fail closed
ok 105 - project profile: unknown keys, missing scripts, overlapping status, and symlinks fail closed
  ---
  duration_ms: 3.397
  type: 'test'
  ...
# Subtest: project profile: invalid config blocks commit while explicit bypass remains available
ok 106 - project profile: invalid config blocks commit while explicit bypass remains available
  ---
  duration_ms: 2.060916
  type: 'test'
  ...
# Subtest: project profile: configured lifecycle rejects an external implementation repo
ok 107 - project profile: configured lifecycle rejects an external implementation repo
  ---
  duration_ms: 37.036458
  type: 'test'
  ...
# Subtest: project profile: external legacy warning is limited to explicit IDs
ok 108 - project profile: external legacy warning is limited to explicit IDs
  ---
  duration_ms: 241.799708
  type: 'test'
  ...
# Subtest: project profile: example-app-shaped numeric lifecycle preserves local metadata and uses verify only
ok 109 - project profile: example-app-shaped numeric lifecycle preserves local metadata and uses verify only
  ---
  duration_ms: 4092.308583
  type: 'test'
  ...
# Subtest: project profile: config content is snapshot-bound after impl
ok 110 - project profile: config content is snapshot-bound after impl
  ---
  duration_ms: 1138.651208
  type: 'test'
  ...
# Subtest: project profile: changed contract can re-impl when verify runs contracts-only
ok 111 - project profile: changed contract can re-impl when verify runs contracts-only
  ---
  duration_ms: 2722.035709
  type: 'test'
  ...
# Subtest: new: deterministic parseable draft, TODO, YAML title, no evidence/approval; preview burns no ID
ok 112 - new: deterministic parseable draft, TODO, YAML title, no evidence/approval; preview burns no ID
  ---
  duration_ms: 900.9165
  type: 'test'
  ...
# Subtest: new: strict creation-only numeric profile makes a CI-clean unapproved draft
ok 113 - new: strict creation-only numeric profile makes a CI-clean unapproved draft
  ---
  duration_ms: 571.928583
  type: 'test'
  ...
# Subtest: new: custom lifecycle mappings and kind defaults are respected
ok 114 - new: custom lifecycle mappings and kind defaults are respected
  ---
  duration_ms: 497.454958
  type: 'test'
  ...
# Subtest: new: explicit no-draft lifecycle, unfillable metadata and unknown keys fail before reservation
ok 115 - new: explicit no-draft lifecycle, unfillable metadata and unknown keys fail before reservation
  ---
  duration_ms: 274.666417
  type: 'test'
  ...
# Subtest: new: unsafe profile defaults/template paths, expressions, symlinks and ambiguous dirs fail closed
ok 116 - new: unsafe profile defaults/template paths, expressions, symlinks and ambiguous dirs fail closed
  ---
  duration_ms: 218.519791
  type: 'test'
  ...
# Subtest: new: exclusive publication never overwrites and a failed reservation stays burned
ok 117 - new: exclusive publication never overwrites and a failed reservation stays burned
  ---
  duration_ms: 859.26525
  type: 'test'
  ...
# Subtest: review: exact head contract, static nonexecuting Pi metadata, explicit dirty exclusions
ok 118 - review: exact head contract, static nonexecuting Pi metadata, explicit dirty exclusions
  ---
  duration_ms: 881.318083
  type: 'test'
  ...
# Subtest: review: no model on empty diff; proposal isn't an empty-diff PASS
ok 119 - review: no model on empty diff; proposal isn't an empty-diff PASS
  ---
  duration_ms: 1399.688166
  type: 'test'
  ...
# Subtest: review: malformed revisions, nonancestor and oversized packets fail before model
ok 120 - review: malformed revisions, nonancestor and oversized packets fail before model
  ---
  duration_ms: 1230.7375
  type: 'test'
  ...
# Subtest: review: high-risk scanner and packet tampering reject before charge/spawn
ok 121 - review: high-risk scanner and packet tampering reject before charge/spawn
  ---
  duration_ms: 2420.9135
  type: 'test'
  ...
# Subtest: review: explicit immutable grant, single charge, exact child bytes, raw response and free cache
ok 122 - review: explicit immutable grant, single charge, exact child bytes, raw response and free cache
  ---
  duration_ms: 3418.884083
  type: 'test'
  ...
# Subtest: review: malformed model output and contradictory criteria remain nonpassing and retained
ok 123 - review: malformed model output and contradictory criteria remain nonpassing and retained
  ---
  duration_ms: 1868.598667
  type: 'test'
  ...
# Subtest: review: cancellation remains charged, nonpassing and never auto-respawns
ok 124 - review: cancellation remains charged, nonpassing and never auto-respawns
  ---
  duration_ms: 1972.314084
  type: 'test'
  ...
# Subtest: incremental: unchanged baseline observations don't block, and blockers need exact delta lines/closure
ok 125 - incremental: unchanged baseline observations don't block, and blockers need exact delta lines/closure
  ---
  duration_ms: 2349.576208
  type: 'test'
  ...
# Subtest: Pi recognition: globs/exclusions/missing/unsafe/symlink and invalid manifests never execute
ok 126 - Pi recognition: globs/exclusions/missing/unsafe/symlink and invalid manifests never execute
  ---
  duration_ms: 0.381
  type: 'test'
  ...
# Subtest: lifecycle: shared full audit, free attach/cache, ordinary report cannot close; source mutation rejected
ok 127 - lifecycle: shared full audit, free attach/cache, ordinary report cannot close; source mutation rejected
  ---
  duration_ms: 4595.3835
  type: 'test'
  ...
# Subtest: new: safe custom body template is versioned; kind cannot be guessed
ok 128 - new: safe custom body template is versioned; kind cannot be guessed
  ---
  duration_ms: 384.840791
  type: 'test'
  ...
# Subtest: review: profile/package from head and fsmonitor never executes during preparation
ok 129 - review: profile/package from head and fsmonitor never executes during preparation
  ---
  duration_ms: 620.221334
  type: 'test'
  ...
# Subtest: review: cached packet/raw/result tampering cannot become another cached approval
ok 130 - review: cached packet/raw/result tampering cannot become another cached approval
  ---
  duration_ms: 1720.176209
  type: 'test'
  ...
# Subtest: review: overflowing output is captured boundedly and never passes
ok 131 - review: overflowing output is captured boundedly and never passes
  ---
  duration_ms: 1663.911125
  type: 'test'
  ...
# Subtest: lifecycle: a mid-review source edit rejects even a fake PASS; ordinary approval never attaches
ok 132 - lifecycle: a mid-review source edit rejects even a fake PASS; ordinary approval never attaches
  ---
  duration_ms: 4336.043083
  type: 'test'
  ...
# Subtest: lifecycle: retained tamper rejects cached audit and done without another model call
ok 133 - lifecycle: retained tamper rejects cached audit and done without another model call
  ---
  duration_ms: 3435.399166
  type: 'test'
  ...
# Subtest: lifecycle: prepared full job checks exact diff/impl and attaches after same-content commit for free
ok 134 - lifecycle: prepared full job checks exact diff/impl and attaches after same-content commit for free
  ---
  duration_ms: 3968.478458
  type: 'test'
  ...
# Subtest: execution: prepared job refreshes stale unstarted settings from current timeout
ok 135 - execution: prepared job refreshes stale unstarted settings from current timeout
  ---
  duration_ms: 2584.818542
  type: 'test'
  ...
# Subtest: execution: running/cache reuse exposes ignored timeout without changing provenance or spending
ok 136 - execution: running/cache reuse exposes ignored timeout without changing provenance or spending
  ---
  duration_ms: 4028.366542
  type: 'test'
  ...
# Subtest: execution: missing bin, permission errors and invalid timeout fail before charge/spawn
ok 137 - execution: missing bin, permission errors and invalid timeout fail before charge/spawn
  ---
  duration_ms: 4233.211916
  type: 'test'
  ...
# Subtest: execution: no PATH pi and invalid explicit CLI are resumable preflight failures
ok 138 - execution: no PATH pi and invalid explicit CLI are resumable preflight failures
  ---
  duration_ms: 2373.479959
  type: 'test'
  ...
# Subtest: execution: explicit Node + trusted CLI needs no PATH pi/shim and preserves exact bytes
ok 139 - execution: explicit Node + trusted CLI needs no PATH pi/shim and preserves exact bytes
  ---
  duration_ms: 1647.335625
  type: 'test'
  ...
# Subtest: execution: explicit BIN shim wins over CLI and timeout failure/replay remains charged
ok 140 - execution: explicit BIN shim wins over CLI and timeout failure/replay remains charged
  ---
  duration_ms: 1772.420291
  type: 'test'
  ...
# Subtest: execution: PATH pi and relative explicit BIN resolve to stable absolute executables
ok 141 - execution: PATH pi and relative explicit BIN resolve to stable absolute executables
  ---
  duration_ms: 2981.068792
  type: 'test'
  ...
# Subtest: execution: lifecycle audit shares Node CLI launcher and explains cached timeout without mutation
ok 142 - execution: lifecycle audit shares Node CLI launcher and explains cached timeout without mutation
  ---
  duration_ms: 2279.843417
  type: 'test'
  ...
# Subtest: gate cache: default off executes every time; opt-in binds content
ok 143 - gate cache: default off executes every time; opt-in binds content
  ---
  duration_ms: 578.9255
  type: 'test'
  ...
# Subtest: gate cache: unavailable/null fingerprint is always a miss with diagnostics
ok 144 - gate cache: unavailable/null fingerprint is always a miss with diagnostics
  ---
  duration_ms: 212.005583
  type: 'test'
  ...
# Subtest: repository snapshot covers working content but excludes spec lifecycle and ledger
ok 145 - repository snapshot covers working content but excludes spec lifecycle and ledger
  ---
  duration_ms: 915.260084
  type: 'test'
  ...
# Subtest: snapshot keeps a staged deletion bound after committing identical content
ok 146 - snapshot keeps a staged deletion bound after committing identical content
  ---
  duration_ms: 444.267541
  type: 'test'
  ...
# Subtest: snapshot hashes verified gitlink HEAD and fails closed on an untracked nested repository
ok 147 - snapshot hashes verified gitlink HEAD and fails closed on an untracked nested repository
  ---
  duration_ms: 1467.965542
  type: 'test'
  ...
# Subtest: contract hash ignores lifecycle/review evidence/checkmarks but detects contract edits
ok 148 - contract hash ignores lifecycle/review evidence/checkmarks but detects contract edits
  ---
  duration_ms: 2.592625
  type: 'test'
  ...
# Subtest: audit diff includes tracked and untracked changes and rejects injection/oversize
ok 149 - audit diff includes tracked and untracked changes and rejects injection/oversize
  ---
  duration_ms: 238.747375
  type: 'test'
  ...
# Subtest: audit normalization makes empty, malformed, or contradictory pass results fail closed
ok 150 - audit normalization makes empty, malformed, or contradictory pass results fail closed
  ---
  duration_ms: 0.29025
  type: 'test'
  ...
# Subtest: impl persists explicit failure for missing, traversal, and symlink E2E evidence
ok 151 - impl persists explicit failure for missing, traversal, and symlink E2E evidence
  ---
  duration_ms: 2946.272334
  type: 'test'
  ...
# Subtest: impl persists migration missing/conflict evidence and done cannot bypass it
ok 152 - impl persists migration missing/conflict evidence and done cannot bypass it
  ---
  duration_ms: 2156.234375
  type: 'test'
  ...
# Subtest: legacy matrix: migrate active work explicitly, reject legacy transitions, warn for done
ok 153 - legacy matrix: migrate active work explicitly, reject legacy transitions, warn for done
  ---
  duration_ms: 438.652667
  type: 'test'
  ...
# Subtest: workflow v2 rejects duplicate begin and audit before explicit passing impl
ok 154 - workflow v2 rejects duplicate begin and audit before explicit passing impl
  ---
  duration_ms: 573.946542
  type: 'test'
  ...
# Subtest: evidence schema rejects scalar/duplicate declarations instead of treating them as empty
ok 155 - evidence schema rejects scalar/duplicate declarations instead of treating them as empty
  ---
  duration_ms: 465.763458
  type: 'test'
  ...
# Subtest: check --ci strictly validates an executed v2 in-progress record
ok 156 - check --ci strictly validates an executed v2 in-progress record
  ---
  duration_ms: 402.993625
  type: 'test'
  ...
# Subtest: E2E parent-directory symlink cannot escape the implementation repository
ok 157 - E2E parent-directory symlink cannot escape the implementation repository
  ---
  duration_ms: 392.782166
  type: 'test'
  ...
# Subtest: audit cache never bypasses base ancestor validation
ok 158 - audit cache never bypasses base ancestor validation
  ---
  duration_ms: 3205.017417
  type: 'test'
  ...
# Subtest: Python: minimal profile, real unittest/E2E, custom migration evidence, failing gate
ok 159 - Python: minimal profile, real unittest/E2E, custom migration evidence, failing gate
  ---
  duration_ms: 1650.930916
  type: 'test'
  ...
# Subtest: generic schema rejects ambiguous gates, unsafe argv, unknown fields and evidence paths
ok 160 - generic schema rejects ambiguous gates, unsafe argv, unknown fields and evidence paths
  ---
  duration_ms: 102.725125
  type: 'test'
  ...
# Subtest: argv metacharacters remain literal, not shell instructions
ok 161 - argv metacharacters remain literal, not shell instructions
  ---
  duration_ms: 131.074
  type: 'test'
  ...
# Subtest: Python discovery is conservative, venv-aware, and no-gate impl cannot pass
ok 162 - Python discovery is conservative, venv-aware, and no-gate impl cannot pass
  ---
  duration_ms: 717.429417
  type: 'test'
  ...
# Subtest: missing executable is a failing configured gate, not default fallback
ok 163 - missing executable is a failing configured gate, not default fallback
  ---
  duration_ms: 96.195792
  type: 'test'
  ...
# Subtest: linked/detached/spaced worktrees keep local evidence and expose live freshness
ok 164 - linked/detached/spaced worktrees keep local evidence and expose live freshness
  ---
  duration_ms: 3160.339125
  type: 'test'
  ...
# Subtest: shared Spec allocator reserves unique IDs across competing processes/prefixes
ok 165 - shared Spec allocator reserves unique IDs across competing processes/prefixes
  ---
  duration_ms: 3936.483791
  type: 'test'
  ...
# Subtest: common-dir locks reject overlapping same-ID lifecycle, independent worktrees proceed
ok 166 - common-dir locks reject overlapping same-ID lifecycle, independent worktrees proceed
  ---
  duration_ms: 2790.487459
  type: 'test'
  ...
# Subtest: cancelled lifecycle releases the cross-process lock and leaves pending nonpass evidence
ok 167 - cancelled lifecycle releases the cross-process lock and leaves pending nonpass evidence
  ---
  duration_ms: 667.46075
  type: 'test'
  ...
# Subtest: allocator fails closed on unavailable worktree inventory
ok 168 - allocator fails closed on unavailable worktree inventory
  ---
  duration_ms: 459.400959
  type: 'test'
  ...
# Subtest: mid-gate code changes fail impl, mid-gate spec edits are preserved
ok 169 - mid-gate code changes fail impl, mid-gate spec edits are preserved
  ---
  duration_ms: 4494.63375
  type: 'test'
  ...
1..169
# tests 169
# suites 0
# pass 168
# fail 1
# cancelled 0
# skipped 0
# todo 0
# duration_ms 46686.440333
