TAP version 13
# Subtest: gate: allow — 用户确认后放行，透传 signal 且展示 item+note
ok 1 - gate: allow — 用户确认后放行，透传 signal 且展示 item+note
  ---
  duration_ms: 1.057708
  type: 'test'
  ...
# Subtest: gate: allow — 无可用 signal 时不传 opts
ok 2 - gate: allow — 无可用 signal 时不传 opts
  ---
  duration_ms: 0.150542
  type: 'test'
  ...
# Subtest: gate: deny — confirm 返回 false 时不放行
ok 3 - gate: deny — confirm 返回 false 时不放行
  ---
  duration_ms: 0.066792
  type: 'test'
  ...
# Subtest: gate: deny — confirm 返回 undefined（取消）时不放行
ok 4 - gate: deny — confirm 返回 undefined（取消）时不放行
  ---
  duration_ms: 0.058334
  type: 'test'
  ...
# Subtest: gate: no-ui — hasUI=false 拒绝且不调用 confirm
ok 5 - gate: no-ui — hasUI=false 拒绝且不调用 confirm
  ---
  duration_ms: 0.065792
  type: 'test'
  ...
# Subtest: gate: no-ui — hasUI=true 但没有 confirm 实现时同样拒绝
ok 6 - gate: no-ui — hasUI=true 但没有 confirm 实现时同样拒绝
  ---
  duration_ms: 0.049792
  type: 'test'
  ...
# Subtest: gate: confirm 抛错时向上抛出（不伪造放行/拒绝）
ok 7 - gate: confirm 抛错时向上抛出（不伪造放行/拒绝）
  ---
  duration_ms: 0.196542
  type: 'test'
  ...
# Subtest: formatAttestationPrompt 同时包含 item 与 note，超长 note 有明确上限
ok 8 - formatAttestationPrompt 同时包含 item 与 note，超长 note 有明确上限
  ---
  duration_ms: 0.090209
  type: 'test'
  ...
# Subtest: truncateToolText 短文本原样返回、长文本截断并标记
ok 9 - truncateToolText 短文本原样返回、长文本截断并标记
  ---
  duration_ms: 0.249667
  type: 'test'
  ...
# Subtest: index.ts: begin/impl/audit/attest/done 都在 mutation queue 包裹内
ok 10 - index.ts: begin/impl/audit/attest/done 都在 mutation queue 包裹内
  ---
  duration_ms: 0.43025
  type: 'test'
  ...
# Subtest: index.ts: 工具错误直接 throw，不返回伪造的 isError 字段
ok 11 - index.ts: 工具错误直接 throw，不返回伪造的 isError 字段
  ---
  duration_ms: 0.464
  type: 'test'
  ...
# Subtest: index.ts: 已移除无用 imports（migrateAlloc/checkCI/parseFrontmatter）
ok 12 - index.ts: 已移除无用 imports（migrateAlloc/checkCI/parseFrontmatter）
  ---
  duration_ms: 0.316375
  type: 'test'
  ...
# Subtest: index.ts: fake Pi 可加载注册，且并发 begin 由真实 spec path 串行化
not ok 13 - index.ts: fake Pi 可加载注册，且并发 begin 由真实 spec path 串行化
  ---
  duration_ms: 122.423625
  type: 'test'
  location: 'adapter-core.test.mjs:191:1'
  failureType: 'testCodeFailure'
  error: |-
    ALL native function schemas need an explicit object root, even when another tool will execute
    + actual - expected

    + [
    +   'spec_review'
    + ]
    - []

  code: 'ERR_ASSERTION'
  name: 'AssertionError'
  expected:
  actual:
    0: 'spec_review'
  operator: 'deepStrictEqual'
  stack: |-
    TestContext.<anonymous> (adapter-core.test.mjs:275:12)
    async Test.run (node:internal/test_runner/test:1054:7)
    async Test.processPendingSubtests (node:internal/test_runner/test:744:7)
  ...
1..13
# tests 13
# suites 0
# pass 12
# fail 1
# cancelled 0
# skipped 0
# todo 0
# duration_ms 175.591458
